The following modules were not unloaded:
  (Use "module --force purge" to unload all):

  1) StdEnv
Changed directory to /gpfs/loomis/home.grace/meghir/rg684/git/parallelTest/R/grace_Rmpi.

JobID: 46448011
======
Time: Wed  4 Dec 23:50:52 EST 2019
Running on master node: c09n02.grace.hpc.yale.internal
Current directory: /gpfs/loomis/home.grace/meghir/rg684/git/parallelTest/R/grace_Rmpi

Executing command:
==================
mpirun -np 4 R --no-save -q < example-rmpi.r

master (rank 0, comm 1) of size 4 is running on: c09n02 
slave1 (rank 1, comm 1) of size 4 is running on: c09n05 
slave2 (rank 2, comm 1) of size 4 is running on: c09n06 
slave3 (rank 3, comm 1) of size 4 is running on: c09n11 
> # generate slices for a model
> require(mopt)
Loading required package: mopt
Loading required package: digest
Loading required package: plyr
Loading required package: MASS
Loading required package: reshape

Attaching package: ‘reshape’

The following objects are masked from ‘package:plyr’:

    rename, round_any

Loading required package: stringr
Loading required package: ggplot2
Loading required package: data.table

Attaching package: ‘data.table’

The following object is masked from ‘package:reshape’:

    melt

Loading required package: parallel
Loading required package: minqa
Loading required package: MSBVAR
##
## MSBVAR Package v.0.9-2
## Build date:  Wed Dec  4 23:50:54 2019 
## Copyright (C) 2005-2019, Patrick T. Brandt
## Written by Patrick T. Brandt
##
## Support provided by the U.S. National Science Foundation
## (Grants SES-0351179, SES-0351205, SES-0540816, and SES-0921051)
##

Loading required package: locfit
locfit 1.5-9.1 	 2013-03-22
Loading required package: futile.logger
> library(ggplot2)
> 
> # let's take a dummy objective function
> MOPT_OBJ_FUNC <- objfc.norm2(c(0,0),ns=2000)
> 
> # starting parameters
> p <- list(x1=0.5,x2=0.5)
> #MOPT_OBJ_FUNC(p)
> 
> # then we want to setup the mopt
> mcf                  = mopt_config(p)
> mcf$mode             = 'mpi'
> mcf$wd               = getwd()
> mcf$params_to_sample = c('x1','x2')
> mcf$moments_to_use   = c('m1','m2')
> mcf$iter             = 30
> mcf$algo             = algo.bgp
> mcf$objfunc          = MOPT_OBJ_FUNC
> 
> # set the parameter bounds
> mcf <- mcf + 
+   samplep('x1',-1,1) +
+   samplep('x2',-1,1)
> 
> # adding data moment values
> mcf <- mcf + datamoments(c('m1','m2'),
+                            c(0,0),
+                            c(0.1,0.1))
> 
> # finalize the preparation
> mcf <- prepare.mopt_config(mcf)
[mode=mpi] USING MPI !!!!! 
> 
> # compute slices and generate plots
> res = runMOpt(mcf,FALSE)
Number of Chains:  3 
Computing intial candidates
Sending parameter evaluations...
done
evaluations are finished [3/3]
Done with intial candidates
Starting main MCMC loop
Sending parameter evaluations...
done
evaluations are finished [3/3]
[001] value and ratio:   0.2217/  0.2515 A=1 prob=  0.9706 rate=  0.5000 var=  0.1000 status=1 secs=  0.0200 node=c09n05.grace.hpc.yale.internal mem=19 MB used
[002] value and ratio:   0.2294/  0.2603 A=1 prob=  0.9696 rate=  0.5000 var=  0.1000 status=1 secs=  0.0210 node=c09n06.grace.hpc.yale.internal mem=19 MB used
[003] value and ratio:   0.2596/  0.2515 A=1 prob=  1.0000 rate=  0.5000 var=  0.1000 status=1 secs=  0.0260 node=c09n11.grace.hpc.yale.internal mem=19 MB used
[1/30][total: 3.061000][last: 0.558000 ( e:0.19 + a:0.20 )][m: 44.000000] best value 0.221662 
 range for  p.x1   0.5 0.5005892 
 range for  p.x2   0.5 0.5013919 
Sending parameter evaluations...
done
evaluations are finished [3/3]
[001] value and ratio:   0.2515/  0.2429 A=1 prob=  1.0000 rate=  0.5500 var=  0.1050 status=1 secs=  0.0200 node=c09n05.grace.hpc.yale.internal mem=19 MB used
[002] value and ratio:   0.2603/  0.2636 A=1 prob=  0.9967 rate=  0.5500 var=  0.1050 status=1 secs=  0.0200 node=c09n06.grace.hpc.yale.internal mem=19 MB used
[003] value and ratio:   0.2515/  0.2664 A=1 prob=  0.9852 rate=  0.5500 var=  0.1050 status=1 secs=  0.0260 node=c09n11.grace.hpc.yale.internal mem=19 MB used
[2/30][total: 3.228000][last: 0.117000 ( e:0.94 + a:0.05 )][m: 44.000000] best value 0.221662 
 range for  p.x1   0.4994472 0.5026909 
 range for  p.x2   0.4993826 0.5013919 
Sending parameter evaluations...
done
evaluations are finished [3/3]
[001] value and ratio:   0.2429/  0.2625 A=1 prob=  0.9806 rate=  0.5950 var=  0.1103 status=1 secs=  0.0200 node=c09n05.grace.hpc.yale.internal mem=19 MB used
[002] value and ratio:   0.2636/  0.2312 A=1 prob=  1.0000 rate=  0.5950 var=  0.1103 status=1 secs=  0.0200 node=c09n06.grace.hpc.yale.internal mem=19 MB used
[003] value and ratio:   0.2664/  0.2444 A=1 prob=  1.0000 rate=  0.5950 var=  0.1103 status=1 secs=  0.0270 node=c09n11.grace.hpc.yale.internal mem=19 MB used
[3/30][total: 3.393000][last: 0.115000 ( e:0.94 + a:0.04 )][m: 44.000000] best value 0.221662 
 range for  p.x1   0.4991894 0.5026909 
 range for  p.x2   0.4993826 0.5017983 
Sending parameter evaluations...
done
evaluations are finished [3/3]
[001] value and ratio:   0.2625/  0.2476 A=1 prob=  1.0000 rate=  0.6355 var=  0.1158 status=1 secs=  0.0190 node=c09n05.grace.hpc.yale.internal mem=19 MB used
[002] value and ratio:   0.2312/  0.2668 A=1 prob=  0.9651 rate=  0.6355 var=  0.1158 status=1 secs=  0.0190 node=c09n06.grace.hpc.yale.internal mem=19 MB used
[003] value and ratio:   0.2444/  0.2619 A=1 prob=  0.9827 rate=  0.6355 var=  0.1158 status=1 secs=  0.0260 node=c09n11.grace.hpc.yale.internal mem=19 MB used
[4/30][total: 3.562000][last: 0.118000 ( e:0.95 + a:0.04 )][m: 44.000000] best value 0.221662 
 range for  p.x1   0.4991894 0.5026909 
 range for  p.x2   0.4993826 0.503015 
Sending parameter evaluations...
done
evaluations are finished [3/3]
[001] value and ratio:   0.2476/  0.2799 A=1 prob=  0.9682 rate=  0.6720 var=  0.1216 status=1 secs=  0.0200 node=c09n05.grace.hpc.yale.internal mem=19 MB used
[002] value and ratio:   0.2668/  0.2515 A=1 prob=  1.0000 rate=  0.6720 var=  0.1216 status=1 secs=  0.0200 node=c09n05.grace.hpc.yale.internal mem=19 MB used
[003] value and ratio:   0.2619/  0.2675 A=1 prob=  0.9944 rate=  0.6720 var=  0.1216 status=1 secs=  0.0260 node=c09n11.grace.hpc.yale.internal mem=19 MB used
[5/30][total: 3.728000][last: 0.117000 ( e:0.93 + a:0.04 )][m: 44.000000] best value 0.221662 
 range for  p.x1   0.4991894 0.5026909 
 range for  p.x2   0.4993826 0.503854 
Sending parameter evaluations...
done
evaluations are finished [3/3]
[001] value and ratio:   0.2799/  0.2477 A=1 prob=  1.0000 rate=  0.7048 var=  0.1276 status=1 secs=  0.0190 node=c09n05.grace.hpc.yale.internal mem=19 MB used
[002] value and ratio:   0.2668/  0.2601 A=1 prob=  1.0000 rate=  0.7048 var=  0.1276 status=1 secs=  0.0190 node=c09n06.grace.hpc.yale.internal mem=19 MB used
[003] value and ratio:   0.2675/  0.2587 A=1 prob=  1.0000 rate=  0.7048 var=  0.1276 status=1 secs=  0.0260 node=c09n11.grace.hpc.yale.internal mem=19 MB used
[6/30][total: 3.894000][last: 0.117000 ( e:0.94 + a:0.05 )][m: 44.000000] best value 0.221662 
 range for  p.x1   0.4991894 0.5026909 
 range for  p.x2   0.4993826 0.5064671 
Sending parameter evaluations...
done
evaluations are finished [3/3]
[001] value and ratio:   0.2477/  0.2484 A=1 prob=  0.9993 rate=  0.7343 var=  0.1340 status=1 secs=  0.0200 node=c09n05.grace.hpc.yale.internal mem=19 MB used
[002] value and ratio:   0.2601/  0.2572 A=1 prob=  1.0000 rate=  0.7343 var=  0.1340 status=1 secs=  0.0200 node=c09n06.grace.hpc.yale.internal mem=19 MB used
[003] value and ratio:   0.2587/  0.2683 A=1 prob=  0.9904 rate=  0.7343 var=  0.1340 status=1 secs=  0.0270 node=c09n11.grace.hpc.yale.internal mem=19 MB used
[7/30][total: 4.058000][last: 0.115000 ( e:0.94 + a:0.05 )][m: 44.000000] best value 0.221662 
 range for  p.x1   0.4991894 0.5029554 
 range for  p.x2   0.4992522 0.5080471 
Sending parameter evaluations...
done
evaluations are finished [3/3]
[001] value and ratio:   0.2484/  0.2350 A=1 prob=  1.0000 rate=  0.7609 var=  0.1407 status=1 secs=  0.0200 node=c09n05.grace.hpc.yale.internal mem=19 MB used
[002] value and ratio:   0.2572/  0.2739 A=1 prob=  0.9834 rate=  0.7609 var=  0.1407 status=1 secs=  0.0190 node=c09n06.grace.hpc.yale.internal mem=19 MB used
[003] value and ratio:   0.2683/  0.2631 A=1 prob=  1.0000 rate=  0.7609 var=  0.1407 status=1 secs=  0.0280 node=c09n11.grace.hpc.yale.internal mem=19 MB used
[8/30][total: 4.228000][last: 0.121000 ( e:0.94 + a:0.04 )][m: 44.000000] best value 0.221662 
 range for  p.x1   0.4991894 0.5029554 
 range for  p.x2   0.4969713 0.5092144 
Sending parameter evaluations...
done
evaluations are finished [3/3]
[001] value and ratio:   0.2350/  0.2538 A=1 prob=  0.9814 rate=  0.7848 var=  0.1477 status=1 secs=  0.0200 node=c09n05.grace.hpc.yale.internal mem=19 MB used
[002] value and ratio:   0.2739/  0.2393 A=1 prob=  1.0000 rate=  0.7848 var=  0.1477 status=1 secs=  0.0190 node=c09n06.grace.hpc.yale.internal mem=19 MB used
[003] value and ratio:   0.2631/  0.2357 A=1 prob=  1.0000 rate=  0.7848 var=  0.1477 status=1 secs=  0.0270 node=c09n11.grace.hpc.yale.internal mem=19 MB used
[9/30][total: 4.405000][last: 0.124000 ( e:0.94 + a:0.04 )][m: 44.000000] best value 0.221662 
 range for  p.x1   0.4991894 0.503191 
 range for  p.x2   0.4960577 0.5092144 
Sending parameter evaluations...
done
evaluations are finished [3/3]
[001] value and ratio:   0.2538/  0.2535 A=1 prob=  1.0000 rate=  0.8063 var=  0.1551 status=1 secs=  0.0200 node=c09n05.grace.hpc.yale.internal mem=19 MB used
[002] value and ratio:   0.2393/  0.2751 A=1 prob=  0.9649 rate=  0.8063 var=  0.1551 status=1 secs=  0.0200 node=c09n06.grace.hpc.yale.internal mem=19 MB used
[003] value and ratio:   0.2357/  0.2624 A=1 prob=  0.9736 rate=  0.8063 var=  0.1551 status=1 secs=  0.0270 node=c09n11.grace.hpc.yale.internal mem=19 MB used
[10/30][total: 4.586000][last: 0.131000 ( e:0.95 + a:0.04 )][m: 44.000000] best value 0.221662 
 range for  p.x1   0.4991894 0.5037549 
 range for  p.x2   0.4949351 0.5092144 
Sending parameter evaluations...
done
evaluations are finished [3/3]
[001] value and ratio:   0.2535/  0.2809 A=1 prob=  0.9730 rate=  0.8257 var=  0.1629 status=1 secs=  0.0200 node=c09n05.grace.hpc.yale.internal mem=19 MB used
[002] value and ratio:   0.2751/  0.2491 A=1 prob=  1.0000 rate=  0.8257 var=  0.1629 status=1 secs=  0.0200 node=c09n06.grace.hpc.yale.internal mem=19 MB used
[003] value and ratio:   0.2624/  0.2618 A=1 prob=  1.0000 rate=  0.8257 var=  0.1629 status=1 secs=  0.0270 node=c09n11.grace.hpc.yale.internal mem=19 MB used
[11/30][total: 4.752000][last: 0.117000 ( e:0.94 + a:0.05 )][m: 44.000000] best value 0.221662 
 range for  p.x1   0.4991894 0.5040835 
 range for  p.x2   0.4949351 0.5092915 
Sending parameter evaluations...
done
evaluations are finished [3/3]
[001] value and ratio:   0.2809/  0.2345 A=1 prob=  1.0000 rate=  0.8431 var=  0.1710 status=1 secs=  0.0190 node=c09n05.grace.hpc.yale.internal mem=19 MB used
[002] value and ratio:   0.2491/  0.2314 A=1 prob=  1.0000 rate=  0.8431 var=  0.1710 status=1 secs=  0.0190 node=c09n06.grace.hpc.yale.internal mem=19 MB used
[003] value and ratio:   0.2618/  0.2690 A=1 prob=  0.9928 rate=  0.8431 var=  0.1710 status=1 secs=  0.0270 node=c09n11.grace.hpc.yale.internal mem=19 MB used
[12/30][total: 4.917000][last: 0.116000 ( e:0.94 + a:0.04 )][m: 44.000000] best value 0.221662 
 range for  p.x1   0.4991894 0.5070287 
 range for  p.x2   0.4949351 0.511373 
Sending parameter evaluations...
done
evaluations are finished [3/3]
[001] value and ratio:   0.2345/  0.2607 A=1 prob=  0.9741 rate=  0.8588 var=  0.1796 status=1 secs=  0.0200 node=c09n05.grace.hpc.yale.internal mem=19 MB used
[002] value and ratio:   0.2314/  0.2468 A=1 prob=  0.9847 rate=  0.8588 var=  0.1796 status=1 secs=  0.0200 node=c09n06.grace.hpc.yale.internal mem=19 MB used
[003] value and ratio:   0.2690/  0.2622 A=1 prob=  1.0000 rate=  0.8588 var=  0.1796 status=1 secs=  0.0260 node=c09n11.grace.hpc.yale.internal mem=19 MB used
[13/30][total: 5.081000][last: 0.115000 ( e:0.94 + a:0.05 )][m: 44.000000] best value 0.221662 
 range for  p.x1   0.4991894 0.5080147 
 range for  p.x2   0.4949351 0.511373 
Sending parameter evaluations...
done
evaluations are finished [3/3]
[001] value and ratio:   0.2607/  0.2673 A=1 prob=  0.9935 rate=  0.8729 var=  0.1886 status=1 secs=  0.0200 node=c09n05.grace.hpc.yale.internal mem=19 MB used
[002] value and ratio:   0.2468/  0.2444 A=1 prob=  1.0000 rate=  0.8729 var=  0.1886 status=1 secs=  0.0270 node=c09n11.grace.hpc.yale.internal mem=19 MB used
[003] value and ratio:   0.2622/  0.2731 A=1 prob=  0.9892 rate=  0.8729 var=  0.1886 status=1 secs=  0.0260 node=c09n11.grace.hpc.yale.internal mem=19 MB used
[14/30][total: 5.246000][last: 0.116000 ( e:0.94 + a:0.04 )][m: 44.000000] best value 0.221662 
 range for  p.x1   0.4991894 0.5105927 
 range for  p.x2   0.4949351 0.511373 
Sending parameter evaluations...
done
evaluations are finished [3/3]
[001] value and ratio:   0.2673/  0.2500 A=1 prob=  1.0000 rate=  0.8856 var=  0.1980 status=1 secs=  0.0190 node=c09n05.grace.hpc.yale.internal mem=19 MB used
[002] value and ratio:   0.2468/  0.2524 A=1 prob=  0.9945 rate=  0.8856 var=  0.1980 status=1 secs=  0.0190 node=c09n06.grace.hpc.yale.internal mem=19 MB used
[003] value and ratio:   0.2731/  0.2739 A=1 prob=  0.9992 rate=  0.8856 var=  0.1980 status=1 secs=  0.0190 node=c09n06.grace.hpc.yale.internal mem=19 MB used
[15/30][total: 5.411000][last: 0.115000 ( e:0.94 + a:0.05 )][m: 44.000000] best value 0.221662 
 range for  p.x1   0.4991894 0.5105927 
 range for  p.x2   0.4949351 0.511373 
Sending parameter evaluations...
done
evaluations are finished [3/3]
[001] value and ratio:   0.2500/  0.2699 A=1 prob=  0.9803 rate=  0.8971 var=  0.2079 status=1 secs=  0.0190 node=c09n05.grace.hpc.yale.internal mem=19 MB used
[002] value and ratio:   0.2524/  0.2777 A=1 prob=  0.9749 rate=  0.8971 var=  0.2079 status=1 secs=  0.0270 node=c09n06.grace.hpc.yale.internal mem=19 MB used
[003] value and ratio:   0.2731/  0.2377 A=1 prob=  1.0000 rate=  0.8971 var=  0.2079 status=1 secs=  0.0270 node=c09n11.grace.hpc.yale.internal mem=19 MB used
[16/30][total: 5.583000][last: 0.123000 ( e:0.93 + a:0.05 )][m: 44.000000] best value 0.221662 
 range for  p.x1   0.4991894 0.5105927 
 range for  p.x2   0.4949351 0.511373 
Sending parameter evaluations...
done
evaluations are finished [3/3]
[001] value and ratio:   0.2699/  0.2615 A=1 prob=  1.0000 rate=  0.9073 var=  0.2183 status=1 secs=  0.0200 node=c09n05.grace.hpc.yale.internal mem=19 MB used
[002] value and ratio:   0.2777/  0.2458 A=1 prob=  1.0000 rate=  0.9073 var=  0.2183 status=1 secs=  0.0200 node=c09n06.grace.hpc.yale.internal mem=19 MB used
[003] value and ratio:   0.2377/  0.2513 A=1 prob=  0.9865 rate=  0.9073 var=  0.2183 status=1 secs=  0.0260 node=c09n11.grace.hpc.yale.internal mem=19 MB used
[17/30][total: 5.748000][last: 0.116000 ( e:0.94 + a:0.04 )][m: 44.000000] best value 0.221662 
 range for  p.x1   0.4991894 0.5105927 
 range for  p.x2   0.4949351 0.511373 
Sending parameter evaluations...
done
evaluations are finished [3/3]
[001] value and ratio:   0.2615/  0.2338 A=1 prob=  1.0000 rate=  0.9166 var=  0.2292 status=1 secs=  0.0190 node=c09n05.grace.hpc.yale.internal mem=19 MB used
[002] value and ratio:   0.2458/  0.2592 A=1 prob=  0.9866 rate=  0.9166 var=  0.2292 status=1 secs=  0.0200 node=c09n06.grace.hpc.yale.internal mem=19 MB used
[003] value and ratio:   0.2513/  0.2509 A=1 prob=  1.0000 rate=  0.9166 var=  0.2292 status=1 secs=  0.0270 node=c09n11.grace.hpc.yale.internal mem=19 MB used
[18/30][total: 5.913000][last: 0.116000 ( e:0.94 + a:0.05 )][m: 44.000000] best value 0.221662 
 range for  p.x1   0.4991894 0.5105927 
 range for  p.x2   0.4949351 0.511373 
Sending parameter evaluations...
done
evaluations are finished [3/3]
[001] value and ratio:   0.2338/  0.2379 A=1 prob=  0.9959 rate=  0.9250 var=  0.2407 status=1 secs=  0.0200 node=c09n05.grace.hpc.yale.internal mem=19 MB used
[002] value and ratio:   0.2592/  0.2062 A=1 prob=  1.0000 rate=  0.9250 var=  0.2407 status=1 secs=  0.0200 node=c09n06.grace.hpc.yale.internal mem=19 MB used
[003] value and ratio:   0.2509/  0.2424 A=1 prob=  1.0000 rate=  0.9250 var=  0.2407 status=1 secs=  0.0260 node=c09n11.grace.hpc.yale.internal mem=19 MB used
[19/30][total: 6.080000][last: 0.117000 ( e:0.94 + a:0.04 )][m: 44.000000] best value 0.206169 
 range for  p.x1   0.4991894 0.5114437 
 range for  p.x2   0.4949351 0.5121868 
Sending parameter evaluations...
done
evaluations are finished [3/3]
[001] value and ratio:   0.2379/  0.2668 A=1 prob=  0.9715 rate=  0.9325 var=  0.2527 status=1 secs=  0.0200 node=c09n05.grace.hpc.yale.internal mem=19 MB used
[002] value and ratio:   0.2062/  0.2581 A=1 prob=  0.9494 rate=  0.9325 var=  0.2527 status=1 secs=  0.0200 node=c09n06.grace.hpc.yale.internal mem=19 MB used
[003] value and ratio:   0.2424/  0.2392 A=1 prob=  1.0000 rate=  0.9325 var=  0.2527 status=1 secs=  0.0260 node=c09n11.grace.hpc.yale.internal mem=19 MB used
[20/30][total: 6.244000][last: 0.115000 ( e:0.94 + a:0.05 )][m: 44.000000] best value 0.206169 
 range for  p.x1   0.4991894 0.5131131 
 range for  p.x2   0.4949351 0.5146202 
Sending parameter evaluations...
done
evaluations are finished [3/3]
[001] value and ratio:   0.2668/  0.2560 A=1 prob=  1.0000 rate=  0.9392 var=  0.2653 status=1 secs=  0.0190 node=c09n05.grace.hpc.yale.internal mem=19 MB used
[002] value and ratio:   0.2581/  0.2453 A=1 prob=  1.0000 rate=  0.9392 var=  0.2653 status=1 secs=  0.0190 node=c09n06.grace.hpc.yale.internal mem=19 MB used
[003] value and ratio:   0.2392/  0.2550 A=1 prob=  0.9843 rate=  0.9392 var=  0.2653 status=1 secs=  0.0270 node=c09n11.grace.hpc.yale.internal mem=19 MB used
[21/30][total: 6.409000][last: 0.115000 ( e:0.94 + a:0.05 )][m: 44.100000] best value 0.206169 
 range for  p.x1   0.4991894 0.5131131 
 range for  p.x2   0.4949351 0.5146202 
Sending parameter evaluations...
done
evaluations are finished [3/3]
[001] value and ratio:   0.2560/  0.2537 A=1 prob=  1.0000 rate=  0.9453 var=  0.2786 status=1 secs=  0.0200 node=c09n05.grace.hpc.yale.internal mem=19 MB used
[002] value and ratio:   0.2453/  0.2374 A=1 prob=  1.0000 rate=  0.9453 var=  0.2786 status=1 secs=  0.0200 node=c09n06.grace.hpc.yale.internal mem=19 MB used
[003] value and ratio:   0.2550/  0.2819 A=1 prob=  0.9734 rate=  0.9453 var=  0.2786 status=1 secs=  0.0270 node=c09n11.grace.hpc.yale.internal mem=19 MB used
[22/30][total: 6.573000][last: 0.115000 ( e:0.94 + a:0.05 )][m: 44.100000] best value 0.206169 
 range for  p.x1   0.4991894 0.5131131 
 range for  p.x2   0.4949351 0.5146202 
Sending parameter evaluations...
done
evaluations are finished [3/3]
[001] value and ratio:   0.2537/  0.2488 A=1 prob=  1.0000 rate=  0.9508 var=  0.2925 status=1 secs=  0.0190 node=c09n05.grace.hpc.yale.internal mem=19 MB used
[002] value and ratio:   0.2374/  0.2692 A=1 prob=  0.9688 rate=  0.9508 var=  0.2925 status=1 secs=  0.0190 node=c09n06.grace.hpc.yale.internal mem=19 MB used
[003] value and ratio:   0.2819/  0.2721 A=1 prob=  1.0000 rate=  0.9508 var=  0.2925 status=1 secs=  0.0270 node=c09n11.grace.hpc.yale.internal mem=19 MB used
[23/30][total: 6.740000][last: 0.116000 ( e:0.93 + a:0.05 )][m: 44.100000] best value 0.206169 
 range for  p.x1   0.4991894 0.5131131 
 range for  p.x2   0.4949351 0.5146202 
Sending parameter evaluations...
done
evaluations are finished [3/3]
[001] value and ratio:   0.2488/  0.2745 A=1 prob=  0.9746 rate=  0.9557 var=  0.3072 status=1 secs=  0.0220 node=c09n05.grace.hpc.yale.internal mem=19 MB used
[002] value and ratio:   0.2692/  0.2537 A=1 prob=  1.0000 rate=  0.9557 var=  0.3072 status=1 secs=  0.0200 node=c09n05.grace.hpc.yale.internal mem=19 MB used
[003] value and ratio:   0.2721/  0.2655 A=1 prob=  1.0000 rate=  0.9557 var=  0.3072 status=1 secs=  0.0270 node=c09n11.grace.hpc.yale.internal mem=19 MB used
[24/30][total: 6.914000][last: 0.125000 ( e:0.94 + a:0.05 )][m: 44.100000] best value 0.206169 
 range for  p.x1   0.4991894 0.5131131 
 range for  p.x2   0.4949351 0.5146202 
Sending parameter evaluations...
done
evaluations are finished [3/3]
[001] value and ratio:   0.2745/  0.2599 A=1 prob=  1.0000 rate=  0.9601 var=  0.3225 status=1 secs=  0.0200 node=c09n05.grace.hpc.yale.internal mem=19 MB used
[002] value and ratio:   0.2692/  0.2462 A=1 prob=  1.0000 rate=  0.9601 var=  0.3225 status=1 secs=  0.0200 node=c09n06.grace.hpc.yale.internal mem=19 MB used
[003] value and ratio:   0.2655/  0.2790 A=1 prob=  0.9866 rate=  0.9601 var=  0.3225 status=1 secs=  0.0270 node=c09n11.grace.hpc.yale.internal mem=19 MB used
[25/30][total: 7.087000][last: 0.118000 ( e:0.94 + a:0.05 )][m: 44.100000] best value 0.206169 
 range for  p.x1   0.4991894 0.5200298 
 range for  p.x2   0.4949351 0.5146202 
Sending parameter evaluations...
done
evaluations are finished [3/3]
26 evals, saving to evaluations.dat 
[001] value and ratio:   0.2599/  0.2331 A=1 prob=  1.0000 rate=  0.9641 var=  0.3386 status=1 secs=  0.0190 node=c09n05.grace.hpc.yale.internal mem=19 MB used
[002] value and ratio:   0.2462/  0.2927 A=1 prob=  0.9545 rate=  0.9641 var=  0.3386 status=1 secs=  0.0200 node=c09n06.grace.hpc.yale.internal mem=19 MB used
[003] value and ratio:   0.2790/  0.2743 A=1 prob=  1.0000 rate=  0.9641 var=  0.3386 status=1 secs=  0.0260 node=c09n11.grace.hpc.yale.internal mem=19 MB used
[26/30][total: 7.262000][last: 0.122000 ( e:0.89 + a:0.05 )][m: 44.100000] best value 0.206169 
 range for  p.x1   0.4991894 0.5200298 
 range for  p.x2   0.4949351 0.5151374 
Sending parameter evaluations...
done
evaluations are finished [3/3]
[001] value and ratio:   0.2331/  0.2793 A=1 prob=  0.9548 rate=  0.9677 var=  0.3556 status=1 secs=  0.0200 node=c09n05.grace.hpc.yale.internal mem=19 MB used
[002] value and ratio:   0.2927/  0.2545 A=1 prob=  1.0000 rate=  0.9677 var=  0.3556 status=1 secs=  0.0190 node=c09n06.grace.hpc.yale.internal mem=19 MB used
[003] value and ratio:   0.2743/  0.2230 A=1 prob=  1.0000 rate=  0.9677 var=  0.3556 status=1 secs=  0.0260 node=c09n11.grace.hpc.yale.internal mem=19 MB used
[27/30][total: 7.427000][last: 0.116000 ( e:0.93 + a:0.04 )][m: 44.100000] best value 0.206169 
 range for  p.x1   0.4991894 0.5200298 
 range for  p.x2   0.4949351 0.5151374 
Sending parameter evaluations...
done
evaluations are finished [3/3]
[001] value and ratio:   0.2793/  0.2439 A=1 prob=  1.0000 rate=  0.9709 var=  0.3733 status=1 secs=  0.0270 node=c09n05.grace.hpc.yale.internal mem=19 MB used
[002] value and ratio:   0.2545/  0.2427 A=1 prob=  1.0000 rate=  0.9709 var=  0.3733 status=1 secs=  0.0190 node=c09n06.grace.hpc.yale.internal mem=19 MB used
[003] value and ratio:   0.2230/  0.2614 A=1 prob=  0.9623 rate=  0.9709 var=  0.3733 status=1 secs=  0.0270 node=c09n11.grace.hpc.yale.internal mem=19 MB used
[28/30][total: 7.605000][last: 0.128000 ( e:0.95 + a:0.04 )][m: 44.100000] best value 0.206169 
 range for  p.x1   0.4991894 0.5200298 
 range for  p.x2   0.4949351 0.5151374 
Sending parameter evaluations...
done
evaluations are finished [3/3]
[001] value and ratio:   0.2439/  0.2565 A=1 prob=  0.9874 rate=  0.9738 var=  0.3920 status=1 secs=  0.0190 node=c09n05.grace.hpc.yale.internal mem=19 MB used
[002] value and ratio:   0.2427/  0.2830 A=1 prob=  0.9606 rate=  0.9738 var=  0.3920 status=1 secs=  0.0190 node=c09n06.grace.hpc.yale.internal mem=19 MB used
[003] value and ratio:   0.2614/  0.2625 A=1 prob=  0.9988 rate=  0.9738 var=  0.3920 status=1 secs=  0.0260 node=c09n11.grace.hpc.yale.internal mem=19 MB used
[29/30][total: 7.770000][last: 0.116000 ( e:0.93 + a:0.04 )][m: 44.100000] best value 0.206169 
 range for  p.x1   0.4991894 0.5200298 
 range for  p.x2   0.4949351 0.5151374 
Sending parameter evaluations...
done
evaluations are finished [3/3]
[001] value and ratio:   0.2565/  0.2395 A=1 prob=  1.0000 rate=  0.9764 var=  0.4116 status=1 secs=  0.0200 node=c09n05.grace.hpc.yale.internal mem=19 MB used
[002] value and ratio:   0.2830/  0.2798 A=1 prob=  1.0000 rate=  0.9764 var=  0.4116 status=1 secs=  0.0190 node=c09n06.grace.hpc.yale.internal mem=19 MB used
[003] value and ratio:   0.2625/  0.2525 A=1 prob=  1.0000 rate=  0.9764 var=  0.4116 status=1 secs=  0.0260 node=c09n11.grace.hpc.yale.internal mem=19 MB used
[30/30][total: 7.938000][last: 0.119000 ( e:0.92 + a:0.07 )][m: 44.100000] best value 0.206169 
 range for  p.x1   0.4991894 0.5200298 
 range for  p.x2   0.4949351 0.5151374 
> 
> ggplot(res,aes(x=p.x1,y=p.x2)) + geom_point() + facet_wrap(~chain) + theme_bw()
> 
> print(res)
        p.x1      p.x2     value status  time chain
1  0.5005892 0.5000000 0.2216619      1 0.106     1
2  0.5000000 0.5013919 0.2293902      1 0.105     2
3  0.5000000 0.5005393 0.2595515      1 0.098     3
4  0.5005892 0.5000000 0.2514984      1 0.020     1
5  0.5000000 0.5013919 0.2602872      1 0.021     2
6  0.5000000 0.5005393 0.2514813      1 0.026     3
7  0.5026909 0.4993826 0.2428947      1 0.020     1
8  0.4994472 0.5010579 0.2636025      1 0.020     2
9  0.5010393 0.5008368 0.2663806      1 0.026     3
10 0.5021292 0.5002859 0.2624574      1 0.020     1
11 0.4991894 0.5010720 0.2312477      1 0.020     2
12 0.5009468 0.5017983 0.2443702      1 0.027     3
13 0.5011009 0.5009539 0.2476072      1 0.019     1
14 0.5002593 0.5030150 0.2667554      1 0.019     2
15 0.5012223 0.5017528 0.2618717      1 0.026     3
16 0.5025190 0.5012589 0.2798951      1 0.020     1
17 0.5005892 0.5000000 0.2514984      1 0.020     2
18 0.5019130 0.5038540 0.2675027      1 0.026     3
19 0.5022968 0.5007463 0.2476812      1 0.019     1
20 0.5003597 0.5002262 0.2600519      1 0.019     2
21 0.5017416 0.5064671 0.2586729      1 0.026     3
22 0.5020943 0.4992522 0.2484013      1 0.020     1
23 0.4999529 0.5008004 0.2572130      1 0.020     2
24 0.5029554 0.5080471 0.2682990      1 0.027     3
25 0.5028715 0.5002903 0.2350236      1 0.020     1
26 0.4992290 0.4969713 0.2739225      1 0.019     2
27 0.5019012 0.5092144 0.2630803      1 0.028     3
28 0.5031910 0.5000440 0.2537710      1 0.020     1
29 0.5027167 0.4960577 0.2393489      1 0.019     2
30 0.5019332 0.5089222 0.2357130      1 0.027     3
31 0.5037549 0.4978269 0.2535421      1 0.020     1
32 0.5023786 0.4949351 0.2750504      1 0.020     2
33 0.5021898 0.5087505 0.2624465      1 0.027     3
34 0.5040835 0.4951146 0.2809107      1 0.020     1
35 0.5031168 0.4962233 0.2491053      1 0.020     2
36 0.5033528 0.5092915 0.2618258      1 0.027     3
37 0.5057509 0.4956045 0.2345303      1 0.019     1
38 0.5053488 0.4972020 0.2314123      1 0.019     2
39 0.5070287 0.5113730 0.2690359      1 0.027     3
40 0.5044157 0.4972709 0.2607279      1 0.020     1
41 0.5080147 0.4981558 0.2468136      1 0.020     2
42 0.5061965 0.5089346 0.2622352      1 0.026     3
43 0.5061548 0.5017967 0.2672886      1 0.020     1
44 0.5009468 0.5017983 0.2443702      1 0.027     2
45 0.5105927 0.5089822 0.2731119      1 0.026     3
46 0.5058143 0.5075155 0.2499604      1 0.019     1
47 0.5047468 0.5037361 0.2523543      1 0.019     2
48 0.4992290 0.4969713 0.2739225      1 0.019     3
49 0.5086026 0.5050709 0.2698567      1 0.019     1
50 0.5044412 0.5060987 0.2777483      1 0.027     2
51 0.5019232 0.4990877 0.2377336      1 0.027     3
52 0.5088945 0.5031354 0.2615475      1 0.020     1
53 0.5027695 0.5088690 0.2457843      1 0.020     2
54 0.5000676 0.4994810 0.2513238      1 0.026     3
55 0.5102191 0.5065800 0.2337885      1 0.019     1
56 0.5046333 0.5087742 0.2592254      1 0.020     2
57 0.5010005 0.4959982 0.2509499      1 0.027     3
58 0.5114437 0.5121868 0.2378848      1 0.020     1
59 0.4993448 0.5060326 0.2061689      1 0.020     2
60 0.5024080 0.4960111 0.2424137      1 0.026     3
61 0.5131131 0.5146202 0.2667748      1 0.020     1
62 0.5024785 0.5043094 0.2580653      1 0.020     2
63 0.5064967 0.4993848 0.2392098      1 0.026     3
64 0.5130566 0.5141757 0.2559629      1 0.019     1
65 0.5017317 0.5073739 0.2453025      1 0.019     2
66 0.5101755 0.4970923 0.2549950      1 0.027     3
67 0.5107167 0.5136717 0.2537494      1 0.020     1
68 0.4999455 0.5099456 0.2374319      1 0.020     2
69 0.5124669 0.4962469 0.2819390      1 0.027     3
70 0.5059630 0.5137480 0.2487683      1 0.019     1
71 0.5000785 0.5065796 0.2691522      1 0.019     2
72 0.5119898 0.5000845 0.2721157      1 0.027     3
73 0.5094859 0.5082085 0.2745068      1 0.022     1
74 0.5107167 0.5136717 0.2537494      1 0.020     2
75 0.5118378 0.4995287 0.2655249      1 0.027     3
76 0.5134979 0.5034991 0.2598781      1 0.020     1
77 0.5102068 0.5112033 0.2461714      1 0.020     2
78 0.5200298 0.4993111 0.2790275      1 0.027     3
79 0.5112879 0.4988243 0.2330550      1 0.019     1
80 0.5104860 0.5151374 0.2927227      1 0.020     2
81 0.5149845 0.4989146 0.2743235      1 0.026     3
82 0.5105595 0.4964334 0.2792817      1 0.020     1
83 0.5129966 0.5135436 0.2545152      1 0.019     2
84 0.5136468 0.5062683 0.2229761      1 0.026     3
85 0.5113635 0.4985895 0.2438773      1 0.027     1
86 0.5128921 0.5121999 0.2427451      1 0.019     2
87 0.5115450 0.5102678 0.2613775      1 0.027     3
88 0.5053846 0.5058406 0.2565076      1 0.019     1
89 0.5186860 0.5051724 0.2829522      1 0.019     2
90 0.5138028 0.5025550 0.2625336      1 0.026     3
91 0.5025712 0.5029222 0.2395302      1 0.020     1
92 0.5171659 0.5114844 0.2798206      1 0.019     2
93 0.5092303 0.5060028 0.2524846      1 0.026     3
                           d.node      d.mem      m.m1      m.m2  i run
1  c09n05.grace.hpc.yale.internal 19 MB used 0.4606835 0.4807228  1   0
2  c09n06.grace.hpc.yale.internal 19 MB used 0.4733391 0.4844899  1   0
3  c09n11.grace.hpc.yale.internal 19 MB used 0.5072319 0.5116823  1   0
4  c09n05.grace.hpc.yale.internal 19 MB used 0.4932857 0.5095743  1   0
5  c09n06.grace.hpc.yale.internal 19 MB used 0.5029227 0.5173423  1   0
6  c09n11.grace.hpc.yale.internal 19 MB used 0.5304417 0.4707380  1   0
7  c09n05.grace.hpc.yale.internal 19 MB used 0.4780938 0.5071643  2   0
8  c09n06.grace.hpc.yale.internal 19 MB used 0.4890348 0.5367029  2   0
9  c09n11.grace.hpc.yale.internal 19 MB used 0.5288586 0.5030603  2   0
10 c09n05.grace.hpc.yale.internal 19 MB used 0.5027206 0.5217153  3   0
11 c09n06.grace.hpc.yale.internal 19 MB used 0.4849590 0.4767705  3   0
12 c09n11.grace.hpc.yale.internal 19 MB used 0.4777546 0.5103832  3   0
13 c09n05.grace.hpc.yale.internal 19 MB used 0.4991638 0.4960343  4   0
14 c09n06.grace.hpc.yale.internal 19 MB used 0.4925770 0.5393317  4   0
15 c09n11.grace.hpc.yale.internal 19 MB used 0.5173335 0.5060725  4   0
16 c09n05.grace.hpc.yale.internal 19 MB used 0.5238272 0.5342240  5   0
17 c09n05.grace.hpc.yale.internal 19 MB used 0.4932857 0.5095743  1   0
18 c09n11.grace.hpc.yale.internal 19 MB used 0.5299089 0.5041844  5   0
19 c09n05.grace.hpc.yale.internal 19 MB used 0.4711654 0.5228437  6   0
20 c09n06.grace.hpc.yale.internal 19 MB used 0.5002967 0.5194296  6   0
21 c09n11.grace.hpc.yale.internal 19 MB used 0.4916560 0.5249953  6   0
22 c09n05.grace.hpc.yale.internal 19 MB used 0.4943088 0.5024553  7   0
23 c09n06.grace.hpc.yale.internal 19 MB used 0.4627895 0.5479525  7   0
24 c09n11.grace.hpc.yale.internal 19 MB used 0.5207695 0.5151671  7   0
25 c09n05.grace.hpc.yale.internal 19 MB used 0.4716153 0.4976205  8   0
26 c09n06.grace.hpc.yale.internal 19 MB used 0.5247303 0.5220183  8   0
27 c09n11.grace.hpc.yale.internal 19 MB used 0.4988543 0.5265975  8   0
28 c09n05.grace.hpc.yale.internal 19 MB used 0.4888510 0.5182342  9   0
29 c09n06.grace.hpc.yale.internal 19 MB used 0.5172164 0.4595486  9   0
30 c09n11.grace.hpc.yale.internal 19 MB used 0.4728198 0.4978629  9   0
31 c09n05.grace.hpc.yale.internal 19 MB used 0.5030401 0.5040187 10   0
32 c09n06.grace.hpc.yale.internal 19 MB used 0.5568476 0.4899200 10   0
33 c09n11.grace.hpc.yale.internal 19 MB used 0.5040519 0.5204082 10   0
34 c09n05.grace.hpc.yale.internal 19 MB used 0.5492445 0.5100509 11   0
35 c09n06.grace.hpc.yale.internal 19 MB used 0.4982595 0.4999481 11   0
36 c09n11.grace.hpc.yale.internal 19 MB used 0.5325493 0.4899416 11   0
37 c09n05.grace.hpc.yale.internal 19 MB used 0.4963980 0.4718577 12   0
38 c09n06.grace.hpc.yale.internal 19 MB used 0.5015267 0.4596690 12   0
39 c09n11.grace.hpc.yale.internal 19 MB used 0.5208891 0.5164750 12   0
40 c09n05.grace.hpc.yale.internal 19 MB used 0.5289497 0.4915974 13   0
41 c09n06.grace.hpc.yale.internal 19 MB used 0.4761072 0.5166713 13   0
42 c09n11.grace.hpc.yale.internal 19 MB used 0.5225258 0.5014350 13   0
43 c09n05.grace.hpc.yale.internal 19 MB used 0.5070730 0.5267393 14   0
44 c09n11.grace.hpc.yale.internal 19 MB used 0.4777546 0.5103832  3   0
45 c09n11.grace.hpc.yale.internal 19 MB used 0.5024272 0.5420247 14   0
46 c09n05.grace.hpc.yale.internal 19 MB used 0.4905236 0.5092224 15   0
47 c09n06.grace.hpc.yale.internal 19 MB used 0.5199367 0.4841222 15   0
48 c09n06.grace.hpc.yale.internal 19 MB used 0.5247303 0.5220183  8   0
49 c09n05.grace.hpc.yale.internal 19 MB used 0.5546548 0.4817380 16   0
50 c09n06.grace.hpc.yale.internal 19 MB used 0.5642571 0.4869400 16   0
51 c09n11.grace.hpc.yale.internal 19 MB used 0.4879881 0.4871702 16   0
52 c09n05.grace.hpc.yale.internal 19 MB used 0.5309028 0.4911590 17   0
53 c09n06.grace.hpc.yale.internal 19 MB used 0.4887045 0.5027291 17   0
54 c09n11.grace.hpc.yale.internal 19 MB used 0.4990546 0.5035793 17   0
55 c09n05.grace.hpc.yale.internal 19 MB used 0.4776689 0.4892948 18   0
56 c09n06.grace.hpc.yale.internal 19 MB used 0.4754375 0.5407495 18   0
57 c09n11.grace.hpc.yale.internal 19 MB used 0.5467744 0.4504859 18   0
58 c09n05.grace.hpc.yale.internal 19 MB used 0.4833538 0.4920760 19   0
59 c09n06.grace.hpc.yale.internal 19 MB used 0.4271234 0.4794823 19   0
60 c09n11.grace.hpc.yale.internal 19 MB used 0.4982044 0.4864358 19   0
61 c09n05.grace.hpc.yale.internal 19 MB used 0.5126660 0.5203106 20   0
62 c09n06.grace.hpc.yale.internal 19 MB used 0.5157359 0.5001470 20   0
63 c09n11.grace.hpc.yale.internal 19 MB used 0.4713526 0.5062078 20   0
64 c09n05.grace.hpc.yale.internal 19 MB used 0.5152881 0.4963909 21   0
65 c09n06.grace.hpc.yale.internal 19 MB used 0.5018323 0.4886402 21   0
66 c09n11.grace.hpc.yale.internal 19 MB used 0.5030547 0.5068787 21   0
67 c09n05.grace.hpc.yale.internal 19 MB used 0.5119926 0.4953406 22   0
68 c09n06.grace.hpc.yale.internal 19 MB used 0.4793657 0.4950479 22   0
69 c09n11.grace.hpc.yale.internal 19 MB used 0.5586240 0.5018139 22   0
70 c09n05.grace.hpc.yale.internal 19 MB used 0.4905787 0.5068227 23   0
71 c09n06.grace.hpc.yale.internal 19 MB used 0.5612723 0.4725227 23   0
72 c09n11.grace.hpc.yale.internal 19 MB used 0.5496997 0.4919976 23   0
73 c09n05.grace.hpc.yale.internal 19 MB used 0.5406824 0.5066321 24   0
74 c09n05.grace.hpc.yale.internal 19 MB used 0.5119926 0.4953406 22   0
75 c09n11.grace.hpc.yale.internal 19 MB used 0.5080322 0.5224491 24   0
76 c09n05.grace.hpc.yale.internal 19 MB used 0.5271070 0.4918480 25   0
77 c09n06.grace.hpc.yale.internal 19 MB used 0.5044865 0.4876845 25   0
78 c09n11.grace.hpc.yale.internal 19 MB used 0.5322953 0.5241343 25   0
79 c09n05.grace.hpc.yale.internal 19 MB used 0.4783708 0.4871052 26   0
80 c09n06.grace.hpc.yale.internal 19 MB used 0.5688782 0.5116864 26   0
81 c09n11.grace.hpc.yale.internal 19 MB used 0.5165305 0.5308890 26   0
82 c09n05.grace.hpc.yale.internal 19 MB used 0.5487950 0.5073336 27   0
83 c09n06.grace.hpc.yale.internal 19 MB used 0.4903474 0.5182565 27   0
84 c09n11.grace.hpc.yale.internal 19 MB used 0.4924826 0.4510134 27   0
85 c09n05.grace.hpc.yale.internal 19 MB used 0.4791223 0.5081303 28   0
86 c09n06.grace.hpc.yale.internal 19 MB used 0.4680873 0.5161244 28   0
87 c09n11.grace.hpc.yale.internal 19 MB used 0.5084798 0.5140071 28   0
88 c09n05.grace.hpc.yale.internal 19 MB used 0.5251269 0.4870903 29   0
89 c09n06.grace.hpc.yale.internal 19 MB used 0.5327372 0.5311265 29   0
90 c09n11.grace.hpc.yale.internal 19 MB used 0.5299677 0.4941675 29   0
91 c09n05.grace.hpc.yale.internal 19 MB used 0.4636110 0.5139312 30   0
92 c09n06.grace.hpc.yale.internal 19 MB used 0.5465298 0.5108292 30   0
93 c09n11.grace.hpc.yale.internal 19 MB used 0.5180343 0.4864253 30   0
> 
> 
> 
[1] "Please use mpi.close.Rslaves() to close slaves"
[1] "Please use mpi.quit() to quit R"
slurmstepd: error: *** JOB 46448011 ON c09n02 CANCELLED AT 2019-12-05T00:21:00 ***
